time="2025-11-26T16:21:14+08:00" level=warning msg="/root/pku_hlw/AnyWay/docker-compose.prod.yml: the attribute `version` is obsolete, it will be ignored, please remove it to avoid potential confusion"
#1 [internal] load local bake definitions
#1 reading from stdin 1.45kB done
#1 DONE 0.0s

#2 [celery-worker internal] load build definition from Dockerfile
#2 transferring dockerfile: 1.25kB done
#2 WARN: FromAsCasing: 'as' and 'FROM' keywords' casing do not match (line 2)
#2 WARN: FromAsCasing: 'as' and 'FROM' keywords' casing do not match (line 2)
#2 DONE 0.0s

#3 [frontend internal] load build definition from Dockerfile
#3 transferring dockerfile: 926B done
#3 WARN: FromAsCasing: 'as' and 'FROM' keywords' casing do not match (line 3)
#3 DONE 0.0s

#4 [backend internal] load metadata for docker.io/library/python:3.11-slim
#4 DONE 0.0s

#5 [frontend internal] load metadata for docker.io/library/node:20-alpine
#5 DONE 0.0s

#6 [frontend internal] load metadata for docker.io/library/nginx:alpine
#6 DONE 0.0s

#7 [celery-worker internal] load .dockerignore
#7 transferring context: 223B done
#7 DONE 0.0s

#8 [frontend internal] load .dockerignore
#8 transferring context: 204B done
#8 DONE 0.0s

#9 [frontend internal] load build context
#9 transferring context: 1.47kB done
#9 DONE 0.0s

#10 [celery-worker builder 1/4] FROM docker.io/library/python:3.11-slim@sha256:193fdd0bbcb3d2ae612bd6cc3548d2f7c78d65b549fcaa8af75624c47474444d
#10 resolve docker.io/library/python:3.11-slim@sha256:193fdd0bbcb3d2ae612bd6cc3548d2f7c78d65b549fcaa8af75624c47474444d 0.0s done
#10 DONE 0.0s

#11 [frontend stage-1 1/3] FROM docker.io/library/nginx:alpine@sha256:b3c656d55d7ad751196f21b7fd2e8d4da9cb430e32f646adcf92441b72f82b14
#11 resolve docker.io/library/nginx:alpine@sha256:b3c656d55d7ad751196f21b7fd2e8d4da9cb430e32f646adcf92441b72f82b14 0.0s done
#11 DONE 0.0s

#12 [frontend builder 1/7] FROM docker.io/library/node:20-alpine@sha256:16858294071a56ffd4cce9f17b57136cc39e41507b40e245b4f8e906f7a19463
#12 resolve docker.io/library/node:20-alpine@sha256:16858294071a56ffd4cce9f17b57136cc39e41507b40e245b4f8e906f7a19463 0.0s done
#12 DONE 0.0s

#13 [backend internal] load build context
#13 transferring context: 3.19kB done
#13 DONE 0.0s

#14 [frontend builder 3/7] COPY package*.json ./
#14 CACHED

#15 [frontend builder 2/7] WORKDIR /app
#15 CACHED

#16 [frontend builder 7/7] RUN npm run build
#16 CACHED

#17 [frontend builder 6/7] COPY . .
#17 CACHED

#18 [frontend builder 5/7] RUN npm ci
#18 CACHED

#19 [frontend stage-1 2/3] COPY --from=builder /app/dist /usr/share/nginx/html
#19 CACHED

#20 [frontend builder 4/7] RUN npm config set registry https://registry.npmmirror.com
#20 CACHED

#21 [frontend stage-1 3/3] COPY nginx.conf /etc/nginx/conf.d/default.conf
#21 CACHED

#22 [celery-worker stage-1 4/6] COPY --from=builder /usr/local/bin /usr/local/bin
#22 CACHED

#23 [celery-worker builder 4/4] RUN pip install --no-cache-dir -i https://pypi.tuna.tsinghua.edu.cn/simple -r requirements.txt
#23 CACHED

#24 [celery-worker stage-1 3/6] COPY --from=builder /usr/local/lib/python3.11/site-packages /usr/local/lib/python3.11/site-packages
#24 CACHED

#25 [celery-worker builder 3/4] COPY requirements.txt .
#25 CACHED

#26 [celery-worker stage-1 5/6] COPY . .
#26 CACHED

#27 [celery-worker builder 2/4] WORKDIR /app
#27 CACHED

#28 [celery-worker stage-1 6/6] RUN mkdir -p logs media staticfiles
#28 CACHED

#29 [backend] exporting to image
#29 exporting layers done
#29 exporting manifest sha256:fb0cf2c6f91f5dabefde10387e656f3f224ae7c4bc96da8192b9f59772878bb0 done
#29 exporting config sha256:dd5f433b548bd18dd30580d8292749cb1ec9d1edfd59916d0bfb6ff96beceb17 done
#29 exporting attestation manifest sha256:3d2c96621fb83282b8eb8af64c2da69a91a01dfe69b6c51e9bf3d5d3aa16fff0
#29 exporting attestation manifest sha256:3d2c96621fb83282b8eb8af64c2da69a91a01dfe69b6c51e9bf3d5d3aa16fff0 0.0s done
#29 exporting manifest list sha256:76acc1a6ab04a719b82c22c64a6373586b7ba98d0de705ad179ee5914e6ac035 0.0s done
#29 naming to docker.io/library/anyway-backend:latest done
#29 unpacking to docker.io/library/anyway-backend:latest 0.0s done
#29 DONE 0.1s

#30 [frontend] exporting to image
#30 exporting layers done
#30 exporting manifest sha256:24fec19c96d9b8ed322a90e80edaac57a36728dda488d61261523fb1ec11a54a done
#30 exporting config sha256:a9b2029c346558be857f5afafc0435de996551710b1bb9f3c098298a0bf4816c done
#30 exporting attestation manifest sha256:b0bc2e350bf3d9b96b1ff0290430ed2aec6fe5e5704a73573cc2d59a8183f106 0.0s done
#30 exporting manifest list sha256:689898a352079a998e92561107fedf626003dd80b09e5b5382b8ac86dc4d8a6d 0.0s done
#30 naming to docker.io/library/anyway-frontend:latest done
#30 unpacking to docker.io/library/anyway-frontend:latest 0.0s done
#30 DONE 0.1s

#31 [celery-worker] exporting to image
#31 exporting layers done
#31 exporting manifest sha256:0b8c3a9325e019f2543ffe9c4f1b02fd9e3abe931e8b806bbb0c00a4605e874b done
#31 exporting config sha256:e3c0a25044b4c9c153079268c8de87c036b976212d24b7eac803cc063a80a7a5 done
#31 exporting attestation manifest sha256:1b9c6f8e9ffcbe84131296734ac18c6f1011f69d15cbbc3a9836c696a2e75358 0.0s done
#31 exporting manifest list sha256:d72a39b70b9b8bd08c6243f8d29b779db744cb0331f3ba9eeb698976203e6891 0.0s done
#31 naming to docker.io/library/anyway-celery-worker:latest done
#31 unpacking to docker.io/library/anyway-celery-worker:latest 0.0s done
#31 DONE 0.1s

#32 [frontend] resolving provenance for metadata file
#32 DONE 0.0s

#33 [backend] resolving provenance for metadata file
#33 DONE 0.0s

#34 [celery-worker] resolving provenance for metadata file
#34 DONE 0.0s
 anyway-backend  Built
 anyway-celery-worker  Built
 anyway-frontend  Built
